// Jest Snapshot v1, https://goo.gl/fbAQLP

exports[`renders FormInput Component 1`] = `ShallowWrapper {}`;
